PASS O0 reports card visible, Preview/Build shown for owner
PASS O0 Build disabled before preview
PASS O1 refresh: list state truthful | rows=1 status=
PASS O2 plain confirmation copy, no machinery | Building a report makes this assessment's synthetic results visible to everyone with access to it. Nothing is built until you choose Build report. This confirmation expires in 300 seconds.
PASS O2 Build enabled after preview
PASS O2 Build still enabled after an unrelated task (run() finally case)
PASS O3 report built and opened | Synthetic data · source f042cde · scorer steve-f042cde-single-assessment-v1 · narrative steve-f042cde-rule-narrative-v1 
PASS O3 stability line present, build timestamp only
PASS O3 list gained a row or converged onto the existing one | 1->1
PASS O3 Build disabled again after execute
PASS O3 no bands/grades words
PASS O4 DOM shows exact lens score from payload | Church 45.791666666666664
PASS O4 narrative strings verbatim
PASS O5 after reload report view cleared
PASS O5 reopen renders identical content
PASS O5 Load more hidden under five rows
PASS O6 assessment change clears report view/list
PASS O7 held preview: API reason + no build | Report unavailable under the current synthetic reporting policy. No report will be built.
PASS O7 held list: reason, no rows, no ids | Report unavailable under the current synthetic reporting policy.
PASS O8 lost execute reply: no "no report was created"; report view cleared | Local API unavailable. For a write, its outcome is unknown; check server state before retrying.
PASS O8 refresh shows the committed report (or dedup) | 1->1
PASS O9 unknown report id 404 not-visible
PASS O no page errors
PASS V0 principal unprovisioned with no grants | false
PASS V1 shared-assessments visible; project cards hidden
PASS V1 overview hidden for assessment-only viewer (own-grant projects list is empty)
PASS V1 exactly the one granted assessment listed | ["assess_syn_earning-trust-2026-01"]
PASS V2 granted detail shows exact role viewer | Earning Trust — cycle 2026-01 · stage understand · exact role viewer
PASS V2 Preview/Build absent for viewer
PASS V3 viewer list succeeds | 1
PASS V3 viewer reopen renders report
PASS V4 sibling assessment and unknown id give the same 404 | NOT_FOUND_OR_NOT_VISIBLE / NOT_FOUND_OR_NOT_VISIBLE
PASS V4 viewer dry_run refused as not-visible
PASS V5 sign-out clears and hides report state
PASS V no page errors
RESULT: 0 failing checks
